Microchip MPLAB XC8 Compiler V2.45

Linker command line:

-W-3 \
  --edf=C:/Program Files/Microchip/MPLABX/v6.20/packs/Microchip/PIC16F1xxxx_DFP/1.24.387/xc8\pic\dat\20240111205957_en.msgs \
  -cn -h+dist/NewConfiguration/debug\YZ_CDI_PROT_1.0.X.debug.sym \
  --cmf=dist/NewConfiguration/debug\YZ_CDI_PROT_1.0.X.debug.cmf -z \
  -Q16F15245 -oC:\Users\hkzyk\AppData\Local\Temp\xcAsp6k.\driver_tmp_3.o \
  --defsym=__MPLAB_BUILD=1 --fixupoverflow=error \
  -Mdist/NewConfiguration/debug/YZ_CDI_PROT_1.0.X.debug.map \
  --md=C:\Users\hkzyk\AppData\Local\Temp\xcAsp6k.\driver_tmp_0.dat -E1 \
  -ver=XC8 Compiler --acfsm=1493 -ACODE=00h-07FFhx4 -ASTRCODE=00h-01FFFh \
  -ASTRING=00h-0FFhx32 -ACONST=00h-0FFhx32 -AENTRY=00h-0FFhx32 \
  -ACOMMON=070h-07Fh -ABANK0=020h-06Fh -ABANK1=0A0h-0EFh \
  -ABANK2=0120h-016Fh -ABANK3=01A0h-01EFh -ABANK4=0220h-026Fh \
  -ABANK5=02A0h-02EFh -ABANK6=0320h-036Fh -ABANK7=03A0h-03EFh \
  -ABANK8=0420h-046Fh -ABANK9=04A0h-04EFh -ABANK10=0520h-056Fh \
  -ABANK11=05A0h-05EFh -ABANK12=0620h-064Fh -ABIGRAM=02000h-023EFh \
  -ARAM=020h-06Fh,0A0h-0EFh,0120h-016Fh,01A0h-01EFh,0220h-026Fh,02A0h-02EFh,0320h-036Fh,03A0h-03EFh,0420h-046Fh,04A0h-04EFh,0520h-056Fh,05A0h-05EFh,0620h-064Fh \
  -AABS1=020h-07Fh,0A0h-0EFh,0120h-016Fh,01A0h-01EFh,0220h-026Fh,02A0h-02EFh,0320h-036Fh,03A0h-03EFh,0420h-046Fh,04A0h-04EFh,0520h-056Fh,05A0h-05EFh,0620h-064Fh \
  -ASFR0=00h-01Fh -ASFR1=080h-09Fh -ASFR2=0100h-011Fh -ASFR3=0180h-019Fh \
  -ASFR4=0200h-021Fh -ASFR5=0280h-029Fh -ASFR6=0300h-031Fh \
  -ASFR7=0380h-039Fh -ASFR8=0400h-041Fh -ASFR9=0480h-049Fh \
  -ASFR10=0500h-051Fh -ASFR11=0580h-059Fh -ASFR12=0600h-061Fh \
  -ASFR13=0680h-06EFh -ASFR14=0700h-076Fh -ASFR15=0780h-07EFh \
  -ASFR16=0800h-086Fh -ASFR17=0880h-08EFh -ASFR18=0900h-096Fh \
  -ASFR19=0980h-09EFh -ASFR20=0A00h-0A6Fh -ASFR21=0A80h-0AEFh \
  -ASFR22=0B00h-0B6Fh -ASFR23=0B80h-0BEFh -ASFR24=0C00h-0C6Fh \
  -ASFR25=0C80h-0CEFh -ASFR26=0D00h-0D6Fh -ASFR27=0D80h-0DEFh \
  -ASFR28=0E00h-0E6Fh -ASFR29=0E80h-0EEFh -ASFR30=0F00h-0F6Fh \
  -ASFR31=0F80h-0FEFh -ASFR32=01000h-0106Fh -ASFR33=01080h-010EFh \
  -ASFR34=01100h-0116Fh -ASFR35=01180h-011EFh -ASFR36=01200h-0126Fh \
  -ASFR37=01280h-012EFh -ASFR38=01300h-0136Fh -ASFR39=01380h-013EFh \
  -ASFR40=01400h-0146Fh -ASFR41=01480h-014EFh -ASFR42=01500h-0156Fh \
  -ASFR43=01580h-015EFh -ASFR44=01600h-0166Fh -ASFR45=01680h-016EFh \
  -ASFR46=01700h-0176Fh -ASFR47=01780h-017EFh -ASFR48=01800h-0186Fh \
  -ASFR49=01880h-018EFh -ASFR50=01900h-0196Fh -ASFR51=01980h-019EFh \
  -ASFR52=01A00h-01A6Fh -ASFR53=01A80h-01AEFh -ASFR54=01B00h-01B6Fh \
  -ASFR55=01B80h-01BEFh -ASFR56=01C00h-01C6Fh -ASFR57=01C80h-01CEFh \
  -ASFR58=01D00h-01D6Fh -ASFR59=01D80h-01DEFh -ASFR60=01E00h-01E6Fh \
  -ASFR61=01E80h-01EEFh -ASFR62=01F00h-01F6Fh -ASFR63=01F80h-01FEFh \
  -ACONFIG=08007h-0800Bh -DCONFIG=2 -AIDLOC=08000h-08003h -DIDLOC=2 \
  -DCODE=2 -DSTRCODE=2 -DSTRING=2 -DCONST=2 -DENTRY=2 \
  -preset_vec=00h,intentry=04h,init,end_init -ppowerup=CODE -pcinit=CODE \
  -pfunctab=ENTRY -k \
  C:\Users\hkzyk\AppData\Local\Temp\xcAsp6k.\driver_tmp_17.o \
  dist/NewConfiguration/debug\YZ_CDI_PROT_1.0.X.debug.o 

Object code version is 3.11

Machine type is 16F15245



                Name                               Link     Load   Length Selector   Space Scale
C:\Users\hkzyk\AppData\Local\Temp\xcAsp6k.\driver_tmp_17.o
                end_init                            177      177        2        8       0
                reset_vec                             0        0        3        0       0
                config                             8007     8007        5        0       4
dist/NewConfiguration/debug\YZ_CDI_PROT_1.0.X.debug.o
                cinit                               179      179       4D        8       0
                intentry                              4        4      173        8       0
                config                             8007     8007        5        0       4
                text29                              BB6      BB6        5     176C       0
                text28                              BC5      BC5        9     178A       0
                text27                              BCE      BCE        9     179C       0
                text26                              BBB      BBB        5     1776       0
                text25                              BE0      BE0        A     17C0       0
                text24                              D0E      D0E       3C     1A1C       0
                text23                              CE1      CE1       2D     19C2       0
                text22                              C77      C77       1F     18EE       0
                text21                              1C6      1C6      1FD        8       0
                text19                              BEA      BEA        C     17D4       0
                text18                              C25      C25       19     184A       0
                text17                              E46      E46       60     1C8C       0
                text16                              D9C      D9C       54     1B38       0
                text15                              7ED      7ED       12        8       0
                text14                              7FF      7FF        1        8       0
                text13                              D4A      D4A       52     1A94       0
                text12                              F10      F10       F0     1E20       0
                text11                              C3E      C3E       1C     187C       0
                text10                              C5A      C5A       1D     18B4       0
                text9                               740      740       70        8       0
                text8                               7B0      7B0       3D        8       0
                text7                               CB6      CB6       2B     196C       0
                text6                               C96      C96       20     192C       0
                text5                               3C3      3C3      1F4        8       0
                text4                               BD7      BD7        9     17AE       0
                text3                               DF0      DF0       56     1BE0       0
                text2                               BC0      BC0        5     1780       0
                text1                               EA6      EA6       6A     1D4C       0
                maintext                            C0E      C0E       17     181C       0
                cstackBANK0                          20       20       28       20       1
                cstackCOMMON                         70       70        C       70       1
                cstackBANK1                          A0       A0       3C       A0       1
                clrtext                             BF6      BF6        C     17EC       0
                inittext                            C02      C02        C     1804       0
                bssBANK2                            120      120       20      120       1
                dataBANK1                            E7       E7        4       A0       1
                bssBANK1                             DC       DC        B       A0       1
                bssBANK0                             48       48       11       20       1
                bssCOMMON                            7C       7C        1       70       1
                stringtext6                        101E     101E        3     2000       0
                stringtext5                        1010     1010        6     2000       0
                stringtext4                        101A     101A        4     2000       0
                stringtext3                        1016     1016        4     2000       0
                stringtext2                        1008     1008        8     2000       0
                stringtext1                        1000     1000        8     2000       0
                idataBANK1                          BB2      BB2        4     1764       0
                idataBIGRAM                         5B7      5B7      189        8       0

TOTAL           Name                               Link     Load   Length     Space
        CLASS   CODE           
                end_init                            177      177        2         0
                cinit                               179      179       4D         0
                intentry                              4        4      173         0
                reset_vec                             0        0        3         0
                text29                              BB6      BB6        5         0
                text28                              BC5      BC5        9         0
                text27                              BCE      BCE        9         0
                text26                              BBB      BBB        5         0
                text25                              BE0      BE0        A         0
                text24                              D0E      D0E       3C         0
                text23                              CE1      CE1       2D         0
                text22                              C77      C77       1F         0
                text21                              1C6      1C6      1FD         0
                text19                              BEA      BEA        C         0
                text18                              C25      C25       19         0
                text17                              E46      E46       60         0
                text16                              D9C      D9C       54         0
                text15                              7ED      7ED       12         0
                text14                              7FF      7FF        1         0
                text13                              D4A      D4A       52         0
                text12                              F10      F10       F0         0
                text11                              C3E      C3E       1C         0
                text10                              C5A      C5A       1D         0
                text9                               740      740       70         0
                text8                               7B0      7B0       3D         0
                text7                               CB6      CB6       2B         0
                text6                               C96      C96       20         0
                text5                               3C3      3C3      1F4         0
                text4                               BD7      BD7        9         0
                text3                               DF0      DF0       56         0
                text2                               BC0      BC0        5         0
                text1                               EA6      EA6       6A         0
                maintext                            C0E      C0E       17         0
                clrtext                             BF6      BF6        C         0
                inittext                            C02      C02        C         0
                idataBANK1                          BB2      BB2        4         0
                idataBIGRAM                         5B7      5B7      189         0

        CLASS   STRCODE        
                stringtext6                        101E     101E        3         0
                stringtext5                        1010     1010        6         0
                stringtext4                        101A     101A        4         0
                stringtext3                        1016     1016        4         0
                stringtext2                        1008     1008        8         0
                stringtext1                        1000     1000        8         0

        CLASS   STRING         

        CLASS   CONST          

        CLASS   ENTRY          

        CLASS   COMMON         
                cstackCOMMON                         70       70        C         1
                bssCOMMON                            7C       7C        1         1

        CLASS   BANK0          
                cstackBANK0                          20       20       28         1
                bssBANK0                             48       48       11         1

        CLASS   BANK1          
                cstackBANK1                          A0       A0       3C         1
                dataBANK1                            E7       E7        4         1
                bssBANK1                             DC       DC        B         1

        CLASS   BANK2          
                bssBANK2                            120      120       20         1

        CLASS   BANK3          

        CLASS   BANK4          

        CLASS   BANK5          

        CLASS   BANK6          

        CLASS   BANK7          

        CLASS   BANK8          

        CLASS   BANK9          

        CLASS   BANK10         

        CLASS   BANK11         

        CLASS   BANK12         

        CLASS   BIGRAM         

        CLASS   RAM            

        CLASS   ABS1           
                abs_s1                               7E       7E        2         1
                abs_s1                              15E      15E       12         1
                abs_s1                              1A0      1A0       50         1
                abs_s1                              220      220       50         1
                abs_s1                              2A0      2A0       50         1
                abs_s1                              320      320       50         1
                abs_s1                              3A0      3A0       50         1
                abs_s1                              420      420       50         1
                abs_s1                              4A0      4A0       50         1
                abs_s1                              520      520       50         1
                abs_s1                              5A0      5A0       50         1
                abs_s1                              620      620       30         1
                abs_s1                             20DE     20DE        0         1
                abs_s1                             2267     2267        0         1
                abs_s1                             236D     236D        0         1

        CLASS   SFR0           

        CLASS   SFR1           

        CLASS   SFR2           

        CLASS   SFR3           

        CLASS   SFR4           

        CLASS   SFR5           

        CLASS   SFR6           

        CLASS   SFR7           

        CLASS   SFR8           

        CLASS   SFR9           

        CLASS   SFR10          

        CLASS   SFR11          

        CLASS   SFR12          

        CLASS   SFR13          

        CLASS   SFR14          

        CLASS   SFR15          

        CLASS   SFR16          

        CLASS   SFR17          

        CLASS   SFR18          

        CLASS   SFR19          

        CLASS   SFR20          

        CLASS   SFR21          

        CLASS   SFR22          

        CLASS   SFR23          

        CLASS   SFR24          

        CLASS   SFR25          

        CLASS   SFR26          

        CLASS   SFR27          

        CLASS   SFR28          

        CLASS   SFR29          

        CLASS   SFR30          

        CLASS   SFR31          

        CLASS   SFR32          

        CLASS   SFR33          

        CLASS   SFR34          

        CLASS   SFR35          

        CLASS   SFR36          

        CLASS   SFR37          

        CLASS   SFR38          

        CLASS   SFR39          

        CLASS   SFR40          

        CLASS   SFR41          

        CLASS   SFR42          

        CLASS   SFR43          

        CLASS   SFR44          

        CLASS   SFR45          

        CLASS   SFR46          

        CLASS   SFR47          

        CLASS   SFR48          

        CLASS   SFR49          

        CLASS   SFR50          

        CLASS   SFR51          

        CLASS   SFR52          

        CLASS   SFR53          

        CLASS   SFR54          

        CLASS   SFR55          

        CLASS   SFR56          

        CLASS   SFR57          

        CLASS   SFR58          

        CLASS   SFR59          

        CLASS   SFR60          

        CLASS   SFR61          

        CLASS   SFR62          

        CLASS   SFR63          

        CLASS   CONFIG         
                config                             8007     8007        5         4

        CLASS   IDLOC          

        CLASS   BANK63         

        CLASS   BANK62         

        CLASS   BANK61         

        CLASS   BANK60         

        CLASS   BANK59         

        CLASS   BANK58         

        CLASS   BANK57         

        CLASS   BANK56         

        CLASS   BANK55         

        CLASS   BANK54         

        CLASS   BANK53         

        CLASS   BANK52         

        CLASS   BANK51         

        CLASS   BANK50         

        CLASS   BANK49         

        CLASS   BANK48         

        CLASS   BANK47         

        CLASS   BANK46         

        CLASS   BANK45         

        CLASS   BANK44         

        CLASS   BANK43         

        CLASS   BANK42         

        CLASS   BANK41         

        CLASS   BANK40         

        CLASS   BANK39         

        CLASS   BANK38         

        CLASS   BANK37         

        CLASS   BANK36         

        CLASS   BANK35         

        CLASS   BANK34         

        CLASS   BANK33         

        CLASS   BANK32         

        CLASS   BANK31         

        CLASS   BANK30         

        CLASS   BANK29         

        CLASS   BANK28         

        CLASS   BANK27         

        CLASS   BANK26         

        CLASS   BANK25         

        CLASS   BANK24         

        CLASS   BANK23         

        CLASS   BANK22         

        CLASS   BANK21         

        CLASS   BANK20         

        CLASS   BANK19         

        CLASS   BANK18         

        CLASS   BANK17         

        CLASS   BANK16         

        CLASS   BANK15         

        CLASS   BANK14         

        CLASS   BANK13         

        CLASS   HEAP           

        CLASS   STACK          

        CLASS   EEDATA         



SEGMENTS        Name                           Load    Length   Top    Selector   Space  Class     Delta

                reset_vec                      000000  000003  000003         0       0  CODE        2
                intentry                       000004  0007FC  000800         8       0  CODE        2
                cstackBANK0                    000020  000039  000059        20       1  BANK0       1
                cstackCOMMON                   000070  00000D  00007D        70       1  COMMON      1
                cstackBANK1                    0000A0  00004B  0000EB        A0       1  BANK1       1
                bssBANK2                       000120  000020  000140       120       1  BANK2       1
                idataBANK1                     000BB2  000004  000BB6      1764       0  CODE        2
                text29                         000BB6  000005  000BBB      176C       0  CODE        2
                text26                         000BBB  000005  000BC0      1776       0  CODE        2
                text2                          000BC0  000005  000BC5      1780       0  CODE        2
                text28                         000BC5  000009  000BCE      178A       0  CODE        2
                text27                         000BCE  000009  000BD7      179C       0  CODE        2
                text4                          000BD7  000009  000BE0      17AE       0  CODE        2
                text25                         000BE0  00000A  000BEA      17C0       0  CODE        2
                text19                         000BEA  00000C  000BF6      17D4       0  CODE        2
                clrtext                        000BF6  00000C  000C02      17EC       0  CODE        2
                inittext                       000C02  00000C  000C0E      1804       0  CODE        2
                maintext                       000C0E  000017  000C25      181C       0  CODE        2
                text18                         000C25  000019  000C3E      184A       0  CODE        2
                text11                         000C3E  00001C  000C5A      187C       0  CODE        2
                text10                         000C5A  00001D  000C77      18B4       0  CODE        2
                text22                         000C77  00001F  000C96      18EE       0  CODE        2
                text6                          000C96  000020  000CB6      192C       0  CODE        2
                text7                          000CB6  00002B  000CE1      196C       0  CODE        2
                text23                         000CE1  00002D  000D0E      19C2       0  CODE        2
                text24                         000D0E  00003C  000D4A      1A1C       0  CODE        2
                text13                         000D4A  000052  000D9C      1A94       0  CODE        2
                text16                         000D9C  000054  000DF0      1B38       0  CODE        2
                text3                          000DF0  000056  000E46      1BE0       0  CODE        2
                text17                         000E46  000060  000EA6      1C8C       0  CODE        2
                text1                          000EA6  00006A  000F10      1D4C       0  CODE        2
                text12                         000F10  0000F0  001000      1E20       0  CODE        2
                stringtext1                    001000  000021  001021      2000       0  STRCODE     2


UNUSED ADDRESS RANGES

        Name                Unused          Largest block    Delta
        BANK0            00059-0006F              17           1
        BANK1            000EB-000EF               5           1
        BANK2            00140-0015D              1E           1
        BIGRAM           02000-023EF             3F0           1
        CODE             00003-00003               1           2
                         00800-00BB1             3B2
                         01021-01FFF             7DF
        COMMON           0007D-0007D               1           1
        CONST            00003-00003               1           2
                         00800-00BB1             100
                         01021-01FFF             100
        ENTRY            00003-00003               1           2
                         00800-00BB1             100
                         01021-01FFF             100
        IDLOC            08000-08003               4           2
        RAM              00059-0006F              17           1
                         000EB-000EF               5
                         00140-0015D              1E
        SFR0             00000-0001F              20           1
        SFR1             00080-0009F              20           1
        SFR10            00500-0051F              20           1
        SFR11            00580-0059F              20           1
        SFR12            00600-0061F              20           1
        SFR13            00680-006EF              70           1
        SFR14            00700-0076F              70           1
        SFR15            00780-007EF              70           1
        SFR16            00800-0086F              70           1
        SFR17            00880-008EF              70           1
        SFR18            00900-0096F              70           1
        SFR19            00980-009EF              70           1
        SFR2             00100-0011F              20           1
        SFR20            00A00-00A6F              70           1
        SFR21            00A80-00AEF              70           1
        SFR22            00B00-00B6F              70           1
        SFR23            00B80-00BEF              70           1
        SFR24            00C00-00C6F              70           1
        SFR25            00C80-00CEF              70           1
        SFR26            00D00-00D6F              70           1
        SFR27            00D80-00DEF              70           1
        SFR28            00E00-00E6F              70           1
        SFR29            00E80-00EEF              70           1
        SFR3             00180-0019F              20           1
        SFR30            00F00-00F6F              70           1
        SFR31            00F80-00FEF              70           1
        SFR32            01000-0106F              70           1
        SFR33            01080-010EF              70           1
        SFR34            01100-0116F              70           1
        SFR35            01180-011EF              70           1
        SFR36            01200-0126F              70           1
        SFR37            01280-012EF              70           1
        SFR38            01300-0136F              70           1
        SFR39            01380-013EF              70           1
        SFR4             00200-0021F              20           1
        SFR40            01400-0146F              70           1
        SFR41            01480-014EF              70           1
        SFR42            01500-0156F              70           1
        SFR43            01580-015EF              70           1
        SFR44            01600-0166F              70           1
        SFR45            01680-016EF              70           1
        SFR46            01700-0176F              70           1
        SFR47            01780-017EF              70           1
        SFR48            01800-0186F              70           1
        SFR49            01880-018EF              70           1
        SFR5             00280-0029F              20           1
        SFR50            01900-0196F              70           1
        SFR51            01980-019EF              70           1
        SFR52            01A00-01A6F              70           1
        SFR53            01A80-01AEF              70           1
        SFR54            01B00-01B6F              70           1
        SFR55            01B80-01BEF              70           1
        SFR56            01C00-01C6F              70           1
        SFR57            01C80-01CEF              70           1
        SFR58            01D00-01D6F              70           1
        SFR59            01D80-01DEF              70           1
        SFR6             00300-0031F              20           1
        SFR60            01E00-01E6F              70           1
        SFR61            01E80-01EEF              70           1
        SFR62            01F00-01F6F              70           1
        SFR63            01F80-01FEF              70           1
        SFR7             00380-0039F              20           1
        SFR8             00400-0041F              20           1
        SFR9             00480-0049F              20           1
        STRCODE          00003-00003               1           2
                         00800-00BB1             3B2
                         01021-01FFF             FDF
        STRING           00003-00003               1           2
                         00800-00BB1             100
                         01021-01FFF             100

                                  Symbol Table

?___awdiv                    cstackBANK1  000A0
?___awmod                    cstackBANK1  000A0
?___lwdiv                    cstackBANK1  000A0
?___tmul                     cstackBANK1  000A6
?___wmul                     cstackBANK1  000A0
?_abs                        cstackBANK1  000A7
?_sprintf                    cstackBANK1  000C1
?_vfprintf                   cstackBANK1  000BA
?i1___lwdiv                  cstackCOMMON 00070
?i1___tmul                   cstackCOMMON 00076
?i1___wmul                   cstackCOMMON 00070
WriteString@str              cstackBANK1  000A1
Write_Byte@chr               cstackBANK1  000A0
Write_table@a                cstackBANK1  000DB
Write_table@tx_data          cstackBANK1  000D5
_ANSELA                      (abs)        01F38
_ANSELB                      (abs)        01F43
_ANSELC                      (abs)        01F4E
_BAUD1CON                    (abs)        0011F
_CCP1CAP                     (abs)        0030F
_CCP1CON                     (abs)        0030E
_CCP1IE                      (abs)        038BF
_CCP1IF                      (abs)        0386F
_CCP1PPS                     (abs)        01EA1
_CCP2CAP                     (abs)        00313
_CCP2CON                     (abs)        00312
_CCP2IE                      (abs)        038C7
_CCP2IF                      (abs)        03877
_CCP2PPS                     (abs)        01EA2
_CCPR1                       (abs)        0030C
_CCPR2                       (abs)        00310
_EG_state                    bssBANK1     000E3
_GIE                         (abs)        0005F
_IG_table                    (abs)        02267
_INLVLA                      (abs)        01F3C
_INLVLB                      (abs)        01F47
_INLVLC                      (abs)        01F52
_IOCAF2                      (abs)        0F9FA
_IOCAN2                      (abs)        0F9F2
_IOCIE                       (abs)        038B4
_InterruptManager            intentry     00004
_LATA                        (abs)        00018
_LATA0                       (abs)        000C0
_LATB                        (abs)        00019
_LATC                        (abs)        0001A
_LATC1                       (abs)        000D1
_LATC2                       (abs)        000D2
_OSCEN                       (abs)        00891
_OSCFRQ                      (abs)        00893
_OSCTUNE                     (abs)        00892
_PEIE                        (abs)        0005E
_PIR0                        (abs)        0070C
_PIR1                        (abs)        0070D
_PIR2                        (abs)        0070E
_PORTA                       (abs)        0000C
_PORTAbits                   (abs)        0000C
_PORTB                       (abs)        0000D
_PORTBbits                   (abs)        0000D
_PORTC                       (abs)        0000E
_PORTCbits                   (abs)        0000E
_PPSLOCK                     (abs)        01E8F
_PPSLOCKbits                 (abs)        01E8F
_RA4                         (abs)        00064
_RB6PPS                      (abs)        01F1E
_RC1PPS                      (abs)        01F21
_RC1STA                      (abs)        0011D
_RC5                         (abs)        00075
_RX1PPS                      (abs)        01ECB
_SP1BRGH                     (abs)        0011C
_SP1BRGL                     (abs)        0011B
_T1CLK                       (abs)        00211
_T1CON                       (abs)        0020E
_TMR1                        (abs)        0020C
_TMR1H                       (abs)        0020D
_TMR1IE                      (abs)        038BD
_TMR1IF                      (abs)        0386D
_TMR1L                       (abs)        0020C
_TMR1ON                      (abs)        01070
_TRISA                       (abs)        00012
_TRISB                       (abs)        00013
_TRISC                       (abs)        00014
_TRMT                        (abs)        008F1
_TX1REG                      (abs)        0011A
_TX1STA                      (abs)        0011E
_WDTCON                      (abs)        0080C
_WriteString                 text18       00C25
_Write_Byte                  text19       00BEA
_Write_table                 text9        00740
__H__absolute__              __absolute__ 00000
__Habs1                      abs1         00000
__Hbank0                     bank0        00000
__Hbank1                     bank1        00000
__Hbank10                    bank10       00000
__Hbank11                    bank11       00000
__Hbank12                    bank12       00000
__Hbank13                    bank13       00000
__Hbank14                    bank14       00000
__Hbank15                    bank15       00000
__Hbank16                    bank16       00000
__Hbank17                    bank17       00000
__Hbank18                    bank18       00000
__Hbank19                    bank19       00000
__Hbank2                     bank2        00000
__Hbank20                    bank20       00000
__Hbank21                    bank21       00000
__Hbank22                    bank22       00000
__Hbank23                    bank23       00000
__Hbank24                    bank24       00000
__Hbank25                    bank25       00000
__Hbank26                    bank26       00000
__Hbank27                    bank27       00000
__Hbank28                    bank28       00000
__Hbank29                    bank29       00000
__Hbank3                     bank3        00000
__Hbank30                    bank30       00000
__Hbank31                    bank31       00000
__Hbank32                    bank32       00000
__Hbank33                    bank33       00000
__Hbank34                    bank34       00000
__Hbank35                    bank35       00000
__Hbank36                    bank36       00000
__Hbank37                    bank37       00000
__Hbank38                    bank38       00000
__Hbank39                    bank39       00000
__Hbank4                     bank4        00000
__Hbank40                    bank40       00000
__Hbank41                    bank41       00000
__Hbank42                    bank42       00000
__Hbank43                    bank43       00000
__Hbank44                    bank44       00000
__Hbank45                    bank45       00000
__Hbank46                    bank46       00000
__Hbank47                    bank47       00000
__Hbank48                    bank48       00000
__Hbank49                    bank49       00000
__Hbank5                     bank5        00000
__Hbank50                    bank50       00000
__Hbank51                    bank51       00000
__Hbank52                    bank52       00000
__Hbank53                    bank53       00000
__Hbank54                    bank54       00000
__Hbank55                    bank55       00000
__Hbank56                    bank56       00000
__Hbank57                    bank57       00000
__Hbank58                    bank58       00000
__Hbank59                    bank59       00000
__Hbank6                     bank6        00000
__Hbank60                    bank60       00000
__Hbank61                    bank61       00000
__Hbank62                    bank62       00000
__Hbank63                    bank63       00000
__Hbank7                     bank7        00000
__Hbank8                     bank8        00000
__Hbank9                     bank9        00000
__Hbigram                    bigram       00000
__HbssBANK0                  bssBANK0     00000
__HbssBANK1                  bssBANK1     00000
__HbssBANK2                  bssBANK2     00000
__HbssCOMMON                 bssCOMMON    00000
__Hcinit                     cinit        001C6
__Hclrtext                   clrtext      00000
__Hcode                      code         00000
__Hcommon                    common       00000
__Hconfig                    config       0800C
__HcstackBANK0               cstackBANK0  00000
__HcstackBANK1               cstackBANK1  00000
__HcstackCOMMON              cstackCOMMON 00000
__HdataBANK1                 dataBANK1    00000
__Heeprom_data               eeprom_data  00000
__Hend_init                  end_init     00179
__Hfunctab                   functab      00000
__Hheap                      heap         00000
__HidataBANK1                idataBANK1   00000
__HidataBIGRAM               idataBIGRAM  00000
__Hinit                      init         00177
__Hinittext                  inittext     00000
__Hintentry                  intentry     00177
__Hmaintext                  maintext     00000
__Hpowerup                   powerup      00000
__Hram                       ram          00000
__Hreset_vec                 reset_vec    00003
__Hsfr0                      sfr0         00000
__Hsfr1                      sfr1         00000
__Hsfr10                     sfr10        00000
__Hsfr11                     sfr11        00000
__Hsfr12                     sfr12        00000
__Hsfr13                     sfr13        00000
__Hsfr14                     sfr14        00000
__Hsfr15                     sfr15        00000
__Hsfr16                     sfr16        00000
__Hsfr17                     sfr17        00000
__Hsfr18                     sfr18        00000
__Hsfr19                     sfr19        00000
__Hsfr2                      sfr2         00000
__Hsfr20                     sfr20        00000
__Hsfr21                     sfr21        00000
__Hsfr22                     sfr22        00000
__Hsfr23                     sfr23        00000
__Hsfr24                     sfr24        00000
__Hsfr25                     sfr25        00000
__Hsfr26                     sfr26        00000
__Hsfr27                     sfr27        00000
__Hsfr28                     sfr28        00000
__Hsfr29                     sfr29        00000
__Hsfr3                      sfr3         00000
__Hsfr30                     sfr30        00000
__Hsfr31                     sfr31        00000
__Hsfr32                     sfr32        00000
__Hsfr33                     sfr33        00000
__Hsfr34                     sfr34        00000
__Hsfr35                     sfr35        00000
__Hsfr36                     sfr36        00000
__Hsfr37                     sfr37        00000
__Hsfr38                     sfr38        00000
__Hsfr39                     sfr39        00000
__Hsfr4                      sfr4         00000
__Hsfr40                     sfr40        00000
__Hsfr41                     sfr41        00000
__Hsfr42                     sfr42        00000
__Hsfr43                     sfr43        00000
__Hsfr44                     sfr44        00000
__Hsfr45                     sfr45        00000
__Hsfr46                     sfr46        00000
__Hsfr47                     sfr47        00000
__Hsfr48                     sfr48        00000
__Hsfr49                     sfr49        00000
__Hsfr5                      sfr5         00000
__Hsfr50                     sfr50        00000
__Hsfr51                     sfr51        00000
__Hsfr52                     sfr52        00000
__Hsfr53                     sfr53        00000
__Hsfr54                     sfr54        00000
__Hsfr55                     sfr55        00000
__Hsfr56                     sfr56        00000
__Hsfr57                     sfr57        00000
__Hsfr58                     sfr58        00000
__Hsfr59                     sfr59        00000
__Hsfr6                      sfr6         00000
__Hsfr60                     sfr60        00000
__Hsfr61                     sfr61        00000
__Hsfr62                     sfr62        00000
__Hsfr63                     sfr63        00000
__Hsfr7                      sfr7         00000
__Hsfr8                      sfr8         00000
__Hsfr9                      sfr9         00000
__Hspace_0                   (abs)        01021
__Hspace_1                   (abs)        00140
__Hspace_2                   (abs)        00000
__Hspace_3                   (abs)        00000
__Hspace_4                   (abs)        10013
__Hstack                     stack        00000
__Hstrings                   strings      00000
__Hstringtext1               stringtext1  00000
__Hstringtext2               stringtext2  00000
__Hstringtext3               stringtext3  00000
__Hstringtext4               stringtext4  00000
__Hstringtext5               stringtext5  00000
__Hstringtext6               stringtext6  00000
__Hstringtext7               stringtext7  00000
__Htext                      text         00000
__L__absolute__              __absolute__ 00000
__Labs1                      abs1         00000
__Lbank0                     bank0        00000
__Lbank1                     bank1        00000
__Lbank10                    bank10       00000
__Lbank11                    bank11       00000
__Lbank12                    bank12       00000
__Lbank13                    bank13       00000
__Lbank14                    bank14       00000
__Lbank15                    bank15       00000
__Lbank16                    bank16       00000
__Lbank17                    bank17       00000
__Lbank18                    bank18       00000
__Lbank19                    bank19       00000
__Lbank2                     bank2        00000
__Lbank20                    bank20       00000
__Lbank21                    bank21       00000
__Lbank22                    bank22       00000
__Lbank23                    bank23       00000
__Lbank24                    bank24       00000
__Lbank25                    bank25       00000
__Lbank26                    bank26       00000
__Lbank27                    bank27       00000
__Lbank28                    bank28       00000
__Lbank29                    bank29       00000
__Lbank3                     bank3        00000
__Lbank30                    bank30       00000
__Lbank31                    bank31       00000
__Lbank32                    bank32       00000
__Lbank33                    bank33       00000
__Lbank34                    bank34       00000
__Lbank35                    bank35       00000
__Lbank36                    bank36       00000
__Lbank37                    bank37       00000
__Lbank38                    bank38       00000
__Lbank39                    bank39       00000
__Lbank4                     bank4        00000
__Lbank40                    bank40       00000
__Lbank41                    bank41       00000
__Lbank42                    bank42       00000
__Lbank43                    bank43       00000
__Lbank44                    bank44       00000
__Lbank45                    bank45       00000
__Lbank46                    bank46       00000
__Lbank47                    bank47       00000
__Lbank48                    bank48       00000
__Lbank49                    bank49       00000
__Lbank5                     bank5        00000
__Lbank50                    bank50       00000
__Lbank51                    bank51       00000
__Lbank52                    bank52       00000
__Lbank53                    bank53       00000
__Lbank54                    bank54       00000
__Lbank55                    bank55       00000
__Lbank56                    bank56       00000
__Lbank57                    bank57       00000
__Lbank58                    bank58       00000
__Lbank59                    bank59       00000
__Lbank6                     bank6        00000
__Lbank60                    bank60       00000
__Lbank61                    bank61       00000
__Lbank62                    bank62       00000
__Lbank63                    bank63       00000
__Lbank7                     bank7        00000
__Lbank8                     bank8        00000
__Lbank9                     bank9        00000
__Lbigram                    bigram       00000
__LbssBANK0                  bssBANK0     00000
__LbssBANK1                  bssBANK1     00000
__LbssBANK2                  bssBANK2     00000
__LbssCOMMON                 bssCOMMON    00000
__Lcinit                     cinit        00179
__Lclrtext                   clrtext      00000
__Lcode                      code         00000
__Lcommon                    common       00000
__Lconfig                    config       00000
__LcstackBANK0               cstackBANK0  00000
__LcstackBANK1               cstackBANK1  00000
__LcstackCOMMON              cstackCOMMON 00000
__LdataBANK1                 dataBANK1    00000
__Leeprom_data               eeprom_data  00000
__Lend_init                  end_init     00177
__Lfunctab                   functab      00000
__Lheap                      heap         00000
__LidataBANK1                idataBANK1   00000
__LidataBIGRAM               idataBIGRAM  00000
__Linit                      init         00177
__Linittext                  inittext     00000
__Lintentry                  intentry     00004
__Lmaintext                  maintext     00000
__Lpowerup                   powerup      00000
__Lram                       ram          00000
__Lreset_vec                 reset_vec    00000
__Lsfr0                      sfr0         00000
__Lsfr1                      sfr1         00000
__Lsfr10                     sfr10        00000
__Lsfr11                     sfr11        00000
__Lsfr12                     sfr12        00000
__Lsfr13                     sfr13        00000
__Lsfr14                     sfr14        00000
__Lsfr15                     sfr15        00000
__Lsfr16                     sfr16        00000
__Lsfr17                     sfr17        00000
__Lsfr18                     sfr18        00000
__Lsfr19                     sfr19        00000
__Lsfr2                      sfr2         00000
__Lsfr20                     sfr20        00000
__Lsfr21                     sfr21        00000
__Lsfr22                     sfr22        00000
__Lsfr23                     sfr23        00000
__Lsfr24                     sfr24        00000
__Lsfr25                     sfr25        00000
__Lsfr26                     sfr26        00000
__Lsfr27                     sfr27        00000
__Lsfr28                     sfr28        00000
__Lsfr29                     sfr29        00000
__Lsfr3                      sfr3         00000
__Lsfr30                     sfr30        00000
__Lsfr31                     sfr31        00000
__Lsfr32                     sfr32        00000
__Lsfr33                     sfr33        00000
__Lsfr34                     sfr34        00000
__Lsfr35                     sfr35        00000
__Lsfr36                     sfr36        00000
__Lsfr37                     sfr37        00000
__Lsfr38                     sfr38        00000
__Lsfr39                     sfr39        00000
__Lsfr4                      sfr4         00000
__Lsfr40                     sfr40        00000
__Lsfr41                     sfr41        00000
__Lsfr42                     sfr42        00000
__Lsfr43                     sfr43        00000
__Lsfr44                     sfr44        00000
__Lsfr45                     sfr45        00000
__Lsfr46                     sfr46        00000
__Lsfr47                     sfr47        00000
__Lsfr48                     sfr48        00000
__Lsfr49                     sfr49        00000
__Lsfr5                      sfr5         00000
__Lsfr50                     sfr50        00000
__Lsfr51                     sfr51        00000
__Lsfr52                     sfr52        00000
__Lsfr53                     sfr53        00000
__Lsfr54                     sfr54        00000
__Lsfr55                     sfr55        00000
__Lsfr56                     sfr56        00000
__Lsfr57                     sfr57        00000
__Lsfr58                     sfr58        00000
__Lsfr59                     sfr59        00000
__Lsfr6                      sfr6         00000
__Lsfr60                     sfr60        00000
__Lsfr61                     sfr61        00000
__Lsfr62                     sfr62        00000
__Lsfr63                     sfr63        00000
__Lsfr7                      sfr7         00000
__Lsfr8                      sfr8         00000
__Lsfr9                      sfr9         00000
__Lspace_0                   (abs)        00000
__Lspace_1                   (abs)        00000
__Lspace_2                   (abs)        00000
__Lspace_3                   (abs)        00000
__Lspace_4                   (abs)        00000
__Lstack                     stack        00000
__Lstrings                   strings      00000
__Lstringtext1               stringtext1  00000
__Lstringtext2               stringtext2  00000
__Lstringtext3               stringtext3  00000
__Lstringtext4               stringtext4  00000
__Lstringtext5               stringtext5  00000
__Lstringtext6               stringtext6  00000
__Lstringtext7               stringtext7  00000
__Ltext                      text         00000
__S0                         (abs)        01021
__S1                         (abs)        00140
___awdiv                     text17       00E46
___awdiv@counter             cstackBANK1  000A5
___awdiv@dividend            cstackBANK1  000A2
___awdiv@divisor             cstackBANK1  000A0
___awdiv@quotient            cstackBANK1  000A7
___awdiv@sign                cstackBANK1  000A6
___awmod                     text16       00D9C
___awmod@counter             cstackBANK1  000A5
___awmod@dividend            cstackBANK1  000A2
___awmod@divisor             cstackBANK1  000A0
___awmod@sign                cstackBANK1  000A6
___heap_hi                   (abs)        00000
___heap_lo                   (abs)        00000
___int_sp                    stack        00000
___int_stack_hi              stack        00000
___int_stack_lo              stack        00000
___latbits                   (abs)        00002
___lwdiv                     text8        007B0
___lwdiv@counter             cstackBANK1  000A7
___lwdiv@dividend            cstackBANK1  000A2
___lwdiv@divisor             cstackBANK1  000A0
___lwdiv@quotient            cstackBANK1  000A5
___sp                        stack        00000
___stack_hi                  stack        00000
___stack_lo                  stack        00000
___stackhi                   (abs)        00000
___stacklo                   (abs)        00000
___tmul                      text7        00CB6
___tmul@multiplicand         cstackBANK1  000A9
___tmul@multiplier           cstackBANK1  000A6
___tmul@product              cstackBANK1  000AC
___wmul                      text6        00C96
___wmul@multiplicand         cstackBANK1  000A2
___wmul@multiplier           cstackBANK1  000A0
___wmul@product              cstackBANK1  000A4
__end_of_InterruptManager    intentry     00177
__end_of_WriteString         text18       00C3E
__end_of_Write_Byte          text19       00BF6
__end_of_Write_table         text9        007B0
__end_of___awdiv             text17       00EA6
__end_of___awmod             text16       00DF0
__end_of___lwdiv             text8        007ED
__end_of___tmul              text7        00CE1
__end_of___wmul              text6        00CB6
__end_of__initialization     cinit        001C2
__end_of_abs                 text15       007FF
__end_of_adv_start_rpm_table stringtext4  0101E
__end_of_calc_map            text5        005B7
__end_of_ccp1_disable        text29       00BBB
__end_of_ccp1_enable         text4        00BE0
__end_of_ccp2_disable        text2        00BC5
__end_of_ccp2_enable         text28       00BCE
__end_of_check_sw_state      text3        00E46
__end_of_fputc               text13       00D9C
__end_of_ignition_disable    text25       00BEA
__end_of_initialize_system   text1        00F10
__end_of_main                maintext     00C25
__end_of_max_adv_grad_table  stringtext3  0101A
__end_of_max_adv_table       stringtext2  01010
__end_of_min_ret_table       stringtext1  01008
__end_of_numerator_rpm       stringtext5  01012
__end_of_putch               text14       00800
__end_of_sprintf             text10       00C77
__end_of_vfpfcnvrt           text12       01000
__end_of_vfprintf            text11       00C5A
__end_ofi1___lwdiv           text24       00D4A
__end_ofi1___tmul            text23       00D0E
__end_ofi1___wmul            text22       00C96
__end_ofi1_calc_map          text21       003C3
__end_ofi1_ccp1_enable       text27       00BD7
__end_ofi1_ccp2_disable      text26       00BC0
__initialization             cinit        00179
__pbssBANK0                  bssBANK0     00048
__pbssBANK1                  bssBANK1     000DC
__pbssBANK2                  bssBANK2     00120
__pbssBIGRAM                 (abs)        02267
__pbssCOMMON                 bssCOMMON    0007C
__pcstackBANK0               cstackBANK0  00020
__pcstackBANK1               cstackBANK1  000A0
__pcstackCOMMON              cstackCOMMON 00070
__pdataBANK1                 dataBANK1    000E7
__pdataBIGRAM                (abs)        020DE
__pidataBANK1                idataBANK1   00BB2
__pidataBIGRAM               idataBIGRAM  005B7
__pintentry                  intentry     00004
__pmaintext                  maintext     00C0E
__pstringtext1               stringtext1  01000
__pstringtext2               stringtext2  01008
__pstringtext3               stringtext3  01016
__pstringtext4               stringtext4  0101A
__pstringtext5               stringtext5  01010
__pstringtext6               stringtext6  0101E
__pstringtext7               stringtext7  00000
__ptext1                     text1        00EA6
__ptext10                    text10       00C5A
__ptext11                    text11       00C3E
__ptext12                    text12       00F10
__ptext13                    text13       00D4A
__ptext14                    text14       007FF
__ptext15                    text15       007ED
__ptext16                    text16       00D9C
__ptext17                    text17       00E46
__ptext18                    text18       00C25
__ptext19                    text19       00BEA
__ptext2                     text2        00BC0
__ptext21                    text21       001C6
__ptext22                    text22       00C77
__ptext23                    text23       00CE1
__ptext24                    text24       00D0E
__ptext25                    text25       00BE0
__ptext26                    text26       00BBB
__ptext27                    text27       00BCE
__ptext28                    text28       00BC5
__ptext29                    text29       00BB6
__ptext3                     text3        00DF0
__ptext4                     text4        00BD7
__ptext5                     text5        003C3
__ptext6                     text6        00C96
__ptext7                     text7        00CB6
__ptext8                     text8        007B0
__ptext9                     text9        00740
_abs                         text15       007ED
_adv_start_rpm_table         stringtext4  0101A
_calc_map                    text5        003C3
_ccp1_disable                text29       00BB6
_ccp1_enable                 text4        00BD7
_ccp2_disable                text2        00BC0
_ccp2_enable                 text28       00BC5
_check_sw_state              text3        00DF0
_dbuf                        bssBANK2     00120
_deg2time_coeff              (abs)        020DE
_deg_table                   (abs)        0236D
_flags                       bssBANK1     000E2
_fputc                       text13       00D4A
_ig_counter                  bssBANK1     000E0
_ignition_disable            text25       00BE0
_initialize_system           text1        00EA6
_main                        maintext     00C0E
_max_adv_grad_table          stringtext3  01016
_max_adv_table               stringtext2  01008
_min_ret_table               stringtext1  01000
_orev_counter                bssBANK0     00058
_prec                        bssBANK1     000DE
_pu1_2_period_count          bssBANK0     00054
_putch                       text14       007FF
_pwj_state                   bssBANK0     00056
_revlimit_state              bssBANK0     00057
_rpm                         bssBANK1     000E4
_sprintf                     text10       00C5A
_sw1_pos                     dataBANK1    000EA
_sw2_pos                     dataBANK1    000E9
_sw3_pos                     dataBANK1    000E8
_sw4_pos                     dataBANK1    000E7
_t1_count                    bssBANK1     000E5
_tx_buf                      bssBANK0     00048
_vfpfcnvrt                   text12       00F10
_vfprintf                    text11       00C3E
_width                       bssBANK1     000DC
abs@a                        cstackBANK1  000A7
btemp                        (abs)        0007E
calc_map@a                   cstackBANK1  000CF
calc_map@coeff_p1_p2         cstackBANK1  000C1
calc_map@coeff_p3_p4         cstackBANK1  000C2
calc_map@p1x                 cstackBANK1  000CB
calc_map@p1y                 cstackBANK1  000C3
calc_map@p2x                 cstackBANK1  000CC
calc_map@p2y                 cstackBANK1  000C5
calc_map@p3x                 cstackBANK1  000CD
calc_map@p3y                 cstackBANK1  000C7
calc_map@p4x                 cstackBANK1  000CE
calc_map@p4y                 cstackBANK1  000C9
calc_map@temp                cstackBANK1  000BB
calc_map@temp1               cstackBANK1  000BE
clear_ram0                   clrtext      00BF6
end_of_initialization        cinit        001C2
fputc@c                      cstackBANK1  000A0
fputc@fp                     cstackBANK1  000A2
i1___lwdiv                   text24       00D0E
i1___lwdiv@counter           cstackCOMMON 00077
i1___lwdiv@dividend          cstackCOMMON 00072
i1___lwdiv@divisor           cstackCOMMON 00070
i1___lwdiv@quotient          cstackCOMMON 00075
i1___tmul                    text23       00CE1
i1___tmul@multiplicand       cstackCOMMON 00079
i1___tmul@multiplier         cstackCOMMON 00076
i1___tmul@product            cstackBANK0  00020
i1___wmul                    text22       00C77
i1___wmul@multiplicand       cstackCOMMON 00072
i1___wmul@multiplier         cstackCOMMON 00070
i1___wmul@product            cstackCOMMON 00074
i1_calc_map                  text21       001C6
i1_ccp1_enable               text27       00BCE
i1_ccp2_disable              text26       00BBB
i1calc_map@a                 cstackBANK0  00043
i1calc_map@coeff_p1_p2       cstackBANK0  00035
i1calc_map@coeff_p3_p4       cstackBANK0  00036
i1calc_map@p1x               cstackBANK0  0003F
i1calc_map@p1y               cstackBANK0  00037
i1calc_map@p2x               cstackBANK0  00040
i1calc_map@p2y               cstackBANK0  00039
i1calc_map@p3x               cstackBANK0  00041
i1calc_map@p3y               cstackBANK0  0003B
i1calc_map@p4x               cstackBANK0  00042
i1calc_map@p4y               cstackBANK0  0003D
i1calc_map@temp              cstackBANK0  0002F
i1calc_map@temp1             cstackBANK0  00032
init_ram                     inittext     00C02
int$flags                    (abs)        0007E
intlevel0                    functab      00000
intlevel1                    functab      00000
intlevel2                    functab      00000
intlevel3                    functab      00000
intlevel4                    functab      00000
intlevel5                    functab      00000
reset_vec                    reset_vec    00000
sprintf@ap                   cstackBANK1  000C6
sprintf@f                    cstackBANK1  000C8
sprintf@fmt                  cstackBANK1  000C1
sprintf@s                    cstackBANK1  000C7
start                        init         00177
start_initialization         cinit        00179
vfpfcnvrt@ap                 cstackBANK1  000AC
vfpfcnvrt@c                  cstackBANK1  000B9
vfpfcnvrt@convarg            cstackBANK1  000B5
vfpfcnvrt@cp                 cstackBANK1  000B3
vfpfcnvrt@done               cstackBANK1  000B1
vfpfcnvrt@fmt                cstackBANK1  000AB
vfpfcnvrt@fp                 cstackBANK1  000B2
vfprintf@ap                  cstackBANK1  000BC
vfprintf@cfmt                cstackBANK1  000BF
vfprintf@fmt                 cstackBANK1  000BA
vfprintf@fp                  cstackBANK1  000BE
wtemp0                       (abs)        0007E


MODULE INFORMATION

Module		Function		Class		Link	Load	Size
C:\Program Files\Microchip\xc8\v2.45\pic\sources\c99\common\Umul16.c
		___wmul        		CODE           	0C96	0000	32

C:\Program Files\Microchip\xc8\v2.45\pic\sources\c99\common\Umul16.c estimated size: 32

C:\Program Files\Microchip\xc8\v2.45\pic\sources\c99\common\nf_sprintf.c
		_sprintf       		CODE           	0C5A	0000	29

C:\Program Files\Microchip\xc8\v2.45\pic\sources\c99\common\nf_sprintf.c estimated size: 29

C:\Program Files\Microchip\xc8\v2.45\pic\sources\c99\common\awmod.c
		___awmod       		CODE           	0D9C	0000	84

C:\Program Files\Microchip\xc8\v2.45\pic\sources\c99\common\awmod.c estimated size: 84

C:\Program Files\Microchip\xc8\v2.45\pic\sources\c99\common\putch.c
		_putch         		CODE           	07FF	0000	1

C:\Program Files\Microchip\xc8\v2.45\pic\sources\c99\common\putch.c estimated size: 1

shared
		_max_adv_table 		STRCODE        	1008	0000	8
		_numerator_rpm 		STRCODE        	0000	0000	0
		i1_ccp1_enable 		CODE           	0BCE	0000	9
		i1___lwdiv     		CODE           	0D0E	0000	60
		i1_calc_map    		CODE           	01C6	0000	509
		_max_adv_grad_table		STRCODE        	1016	0000	4
		i1___wmul      		CODE           	0C77	0000	31
		__initialization		CODE           	0179	0000	73
		i1_ccp2_disable		CODE           	0BBB	0000	5
		_min_ret_table 		STRCODE        	1000	0000	8
		_adv_start_rpm_table		STRCODE        	101A	0000	4
		i1___tmul      		CODE           	0CE1	0000	45

shared estimated size: 756

C:\Program Files\Microchip\xc8\v2.45\pic\sources\c99\common\abs.c
		_abs           		CODE           	07ED	0000	18

C:\Program Files\Microchip\xc8\v2.45\pic\sources\c99\common\abs.c estimated size: 18

C:\Program Files\Microchip\xc8\v2.45\pic\sources\c99\common\Umul24.c
		___tmul        		CODE           	0CB6	0000	43

C:\Program Files\Microchip\xc8\v2.45\pic\sources\c99\common\Umul24.c estimated size: 43

main.c
		_ccp1_enable   		CODE           	0BD7	0000	9
		_initialize_system		CODE           	0EA6	0000	106
		_ccp2_enable   		CODE           	0BC5	0000	9
		_main          		CODE           	0C0E	0000	23
		_ccp1_disable  		CODE           	0BB6	0000	5
		_InterruptManager		CODE           	0004	0000	371
		_Write_Byte    		CODE           	0BEA	0000	12
		_ccp2_disable  		CODE           	0BC0	0000	5
		_WriteString   		CODE           	0C25	0000	25
		_check_sw_state		CODE           	0DF0	0000	86
		_ignition_disable		CODE           	0BE0	0000	10
		_Write_table   		CODE           	0740	0000	112
		_calc_map      		CODE           	03C3	0000	500

main.c estimated size: 1273

C:\Program Files\Microchip\xc8\v2.45\pic\sources\c99\common\nf_fputc.c
		_fputc         		CODE           	0D4A	0000	82

C:\Program Files\Microchip\xc8\v2.45\pic\sources\c99\common\nf_fputc.c estimated size: 82

C:\Program Files\Microchip\xc8\v2.45\pic\sources\c99\common\doprnt.c
		_vfpfcnvrt     		CODE           	0F10	0000	240
		_vfprintf      		CODE           	0C3E	0000	28

C:\Program Files\Microchip\xc8\v2.45\pic\sources\c99\common\doprnt.c estimated size: 268

C:\Program Files\Microchip\xc8\v2.45\pic\sources\c99\common\lwdiv.c
		___lwdiv       		CODE           	07B0	0000	61

C:\Program Files\Microchip\xc8\v2.45\pic\sources\c99\common\lwdiv.c estimated size: 61

C:\Program Files\Microchip\xc8\v2.45\pic\sources\c99\common\awdiv.c
		___awdiv       		CODE           	0E46	0000	96

C:\Program Files\Microchip\xc8\v2.45\pic\sources\c99\common\awdiv.c estimated size: 96

